Release 14.7 - xst P.20131013 (nt64)
Copyright (c) 1995-2013 Xilinx, Inc.  All rights reserved.
--> Parameter TMPDIR set to xst/projnav.tmp


Total REAL time to Xst completion: 0.00 secs
Total CPU time to Xst completion: 0.09 secs
 
--> Parameter xsthdpdir set to xst


Total REAL time to Xst completion: 0.00 secs
Total CPU time to Xst completion: 0.09 secs
 
--> Reading design: controlador.prj

TABLE OF CONTENTS
  1) Synthesis Options Summary
  2) HDL Compilation
  3) Design Hierarchy Analysis
  4) HDL Analysis
  5) HDL Synthesis
     5.1) HDL Synthesis Report
  6) Advanced HDL Synthesis
     6.1) Advanced HDL Synthesis Report
  7) Low Level Synthesis
  8) Partition Report
  9) Final Report
	9.1) Device utilization summary
	9.2) Partition Resource Summary
	9.3) TIMING REPORT


=========================================================================
*                      Synthesis Options Summary                        *
=========================================================================
---- Source Parameters
Input File Name                    : "controlador.prj"
Input Format                       : mixed
Ignore Synthesis Constraint File   : NO

---- Target Parameters
Output File Name                   : "controlador"
Output Format                      : NGC
Target Device                      : xc3s500e-4-fg320

---- Source Options
Top Module Name                    : controlador
Automatic FSM Extraction           : YES
FSM Encoding Algorithm             : Auto
Safe Implementation                : No
FSM Style                          : LUT
RAM Extraction                     : Yes
RAM Style                          : Auto
ROM Extraction                     : Yes
Mux Style                          : Auto
Decoder Extraction                 : YES
Priority Encoder Extraction        : Yes
Shift Register Extraction          : YES
Logical Shifter Extraction         : YES
XOR Collapsing                     : YES
ROM Style                          : Auto
Mux Extraction                     : Yes
Resource Sharing                   : YES
Asynchronous To Synchronous        : NO
Multiplier Style                   : Auto
Automatic Register Balancing       : No

---- Target Options
Add IO Buffers                     : YES
Global Maximum Fanout              : 100000
Add Generic Clock Buffer(BUFG)     : 24
Register Duplication               : YES
Slice Packing                      : YES
Optimize Instantiated Primitives   : NO
Use Clock Enable                   : Yes
Use Synchronous Set                : Yes
Use Synchronous Reset              : Yes
Pack IO Registers into IOBs        : Auto
Equivalent register Removal        : YES

---- General Options
Optimization Goal                  : Speed
Optimization Effort                : 1
Keep Hierarchy                     : No
Netlist Hierarchy                  : As_Optimized
RTL Output                         : Yes
Global Optimization                : AllClockNets
Read Cores                         : YES
Write Timing Constraints           : NO
Cross Clock Analysis               : NO
Hierarchy Separator                : /
Bus Delimiter                      : <>
Case Specifier                     : Maintain
Slice Utilization Ratio            : 100
BRAM Utilization Ratio             : 100
Verilog 2001                       : YES
Auto BRAM Packing                  : NO
Slice Utilization Ratio Delta      : 5

=========================================================================


=========================================================================
*                          HDL Compilation                              *
=========================================================================
Compiling vhdl file "C:/Users/chinc/Documents/upb/ElectronicaDigital/Xilinx/Eliminador_de_ruido/eliminador.vhd" in Library work.
Architecture eliminador_de_ruido of Entity eliminador is up to date.
Compiling vhdl file "C:/Users/chinc/Documents/upb/ElectronicaDigital/Xilinx/Casa_Domotica/controlador.vhd" in Library work.
Entity <controlador> compiled.
Entity <controlador> (Architecture <casa_domotica>) compiled.

=========================================================================
*                     Design Hierarchy Analysis                         *
=========================================================================
Analyzing hierarchy for entity <controlador> in library <work> (architecture <casa_domotica>).

Analyzing hierarchy for entity <eliminador> in library <work> (architecture <eliminador_de_ruido>).


=========================================================================
*                            HDL Analysis                               *
=========================================================================
Analyzing Entity <controlador> in library <work> (Architecture <casa_domotica>).
WARNING:Xst:819 - "C:/Users/chinc/Documents/upb/ElectronicaDigital/Xilinx/Casa_Domotica/controlador.vhd" line 100: One or more signals are missing in the process sensitivity list. To enable synthesis of FPGA/CPLD hardware, XST will assume that all necessary signals are present in the sensitivity list. Please note that the result of the synthesis may differ from the initial design specification. The missing signals are:
   <reset>
Entity <controlador> analyzed. Unit <controlador> generated.

Analyzing Entity <eliminador> in library <work> (Architecture <eliminador_de_ruido>).
Entity <eliminador> analyzed. Unit <eliminador> generated.


=========================================================================
*                           HDL Synthesis                               *
=========================================================================

Performing bidirectional port resolution...

Synthesizing Unit <eliminador>.
    Related source file is "C:/Users/chinc/Documents/upb/ElectronicaDigital/Xilinx/Eliminador_de_ruido/eliminador.vhd".
    Found 1-bit register for signal <edo_presente<0>>.
    Summary:
	inferred   1 D-type flip-flop(s).
Unit <eliminador> synthesized.


Synthesizing Unit <controlador>.
    Related source file is "C:/Users/chinc/Documents/upb/ElectronicaDigital/Xilinx/Casa_Domotica/controlador.vhd".
WARNING:Xst:1306 - Output <minpres> is never assigned.
WARNING:Xst:1306 - Output <luces> is never assigned.
WARNING:Xst:1306 - Output <resetpres> is never assigned.
WARNING:Xst:1306 - Output <aspersor> is never assigned.
WARNING:Xst:1306 - Output <horpres> is never assigned.
WARNING:Xst:1306 - Output <l> is never assigned.
WARNING:Xst:1306 - Output <alarma> is never assigned.
WARNING:Xst:646 - Signal <hora> is assigned but never used. This unconnected signal will be trimmed during the optimization process.
    Found finite state machine <FSM_0> for signal <pr_estado>.
    -----------------------------------------------------------------------
    | States             | 52                                             |
    | Transitions        | 52                                             |
    | Inputs             | 0                                              |
    | Outputs            | 53                                             |
    | Clock              | E                         (rising_edge)        |
    | Reset              | reset                     (positive)           |
    | Reset type         | synchronous                                    |
    | Reset State        | fi1a                                           |
    | Power Up State     | fi1a                                           |
    | Encoding           | automatic                                      |
    | Implementation     | LUT                                            |
    -----------------------------------------------------------------------
    Found 1-bit register for signal <E>.
    Found 17-bit register for signal <cuenta>.
    Found 17-bit adder for signal <cuenta$addsub0000> created at line 75.
    Found 17-bit comparator less for signal <cuenta$cmp_lt0000> created at line 74.
    Found 17-bit comparator less for signal <E$cmp_lt0000> created at line 79.
    Found 4-bit register for signal <hrsd>.
    Found 4-bit adder for signal <hrsd$addsub0000> created at line 123.
    Found 4-bit register for signal <hrsu>.
    Found 4-bit adder for signal <hrsu$share0000> created at line 118.
    Found 4-bit register for signal <mind>.
    Found 4-bit adder for signal <mind$addsub0000> created at line 113.
    Found 4-bit comparator greatequal for signal <mind$cmp_ge0000> created at line 123.
    Found 4-bit comparator greatequal for signal <mind$cmp_ge0001> created at line 118.
    Found 4-bit comparator greatequal for signal <mind$cmp_ge0002> created at line 114.
    Found 4-bit comparator greatequal for signal <mind$cmp_ge0003> created at line 111.
    Found 4-bit comparator greatequal for signal <mind$cmp_ge0004> created at line 111.
    Found 4-bit comparator less for signal <mind$cmp_lt0000> created at line 110.
    Found 4-bit comparator less for signal <mind$cmp_lt0001> created at line 110.
    Found 4-bit comparator less for signal <mind$cmp_lt0002> created at line 110.
    Found 4-bit comparator less for signal <mind$cmp_lt0003> created at line 128.
    Found 4-bit comparator less for signal <mind$cmp_lt0004> created at line 118.
    Found 4-bit register for signal <minu>.
    Found 4-bit adder for signal <minu$addsub0000> created at line 111.
    Summary:
	inferred   1 Finite State Machine(s).
	inferred  34 D-type flip-flop(s).
	inferred   5 Adder/Subtractor(s).
	inferred  12 Comparator(s).
Unit <controlador> synthesized.

INFO:Xst:1767 - HDL ADVISOR - Resource sharing has identified that some arithmetic operations in this design can share the same physical resources for reduced device utilization. For improved clock frequency you may try to disable resource sharing.
WARNING:Xst:524 - All outputs of the instance <u2> of the block <eliminador> are unconnected in block <controlador>.
   This instance will be removed from the design along with all underlying logic

=========================================================================
HDL Synthesis Report

Macro Statistics
# Adders/Subtractors                                   : 5
 17-bit adder                                          : 1
 4-bit adder                                           : 4
# Registers                                            : 7
 1-bit register                                        : 2
 17-bit register                                       : 1
 4-bit register                                        : 4
# Comparators                                          : 12
 17-bit comparator less                                : 2
 4-bit comparator greatequal                           : 5
 4-bit comparator less                                 : 5

=========================================================================

=========================================================================
*                       Advanced HDL Synthesis                          *
=========================================================================

Analyzing FSM <FSM_0> for best encoding.
Optimizing FSM <pr_estado/FSM> on signal <pr_estado[1:52]> with one-hot encoding.
---------------------------------------------------------------
 State | Encoding
---------------------------------------------------------------
 fi1a  | 0000000000000000000000000000000000000000000000000001
 fi1b  | 0000000000000000000000000000000000000000000000000010
 fi2a  | 0000000000000000000000000000000000000000000000000100
 fi2b  | 0000000000000000000000000000000000000000000000001000
 fi3a  | 0000000000000000000000000000000000000000000000010000
 fi3b  | 0000000000000000000000000000000000000000000000100000
 bor1  | 0000000000000000000000000000000000000000000001000000
 bor2  | 0000000000000000000000000000000000000000000010000000
 cont1 | 0000000000000000000000000000000000000000000100000000
 cont2 | 0000000000000000000000000000000000000000001000000000
 mod1  | 0000000000000000000000000000000000000000010000000000
 mod2  | 0000000000000000000000000000000000000000100000000000
 v1    | 0000000000000000000000000000000000000001000000000000
 v2    | 0000000000000000000000000000000000000010000000000000
 a1    | 0000000000000000000000000000000000000100000000000000
 a2    | 0000000000000000000000000000000000001000000000000000
 l1    | 0000000000000000000000000000000000010000000000000000
 l2    | 0000000000000000000000000000000000100000000000000000
 o1    | 0000000000000000000000000000000001000000000000000000
 o2    | 0000000000000000000000000000000010000000000000000000
 r1    | 0000000000000000000000000000000100000000000000000000
 r2    | 0000000000000000000000000000001000000000000000000000
 sp1   | 0000000000000000000000000000010000000000000000000000
 sp2   | 0000000000000000000000000000100000000000000000000000
 ll1   | 0000000000000000000000000001000000000000000000000000
 ll2   | 0000000000000000000000000010000000000000000000000000
 e1    | 0000000000000000000000000100000000000000000000000000
 e2    | 0000000000000000000000001000000000000000000000000000
 i1    | 0000000000000000000000010000000000000000000000000000
 i2    | 0000000000000000000000100000000000000000000000000000
 d1    | 0000000000000000000001000000000000000000000000000000
 d2    | 0000000000000000000010000000000000000000000000000000
 oo1   | 0000000000000000000100000000000000000000000000000000
 oo2   | 0000000000000000001000000000000000000000000000000000
 pp1   | 0000000000000000010000000000000000000000000000000000
 pp2   | 0000000000000000100000000000000000000000000000000000
 ent1  | 0000000000000001000000000000000000000000000000000000
 ent2  | 0000000000000010000000000000000000000000000000000000
 hd1   | 0000000000000100000000000000000000000000000000000000
 hd2   | 0000000000001000000000000000000000000000000000000000
 hu1   | 0000000000010000000000000000000000000000000000000000
 hu2   | 0000000000100000000000000000000000000000000000000000
 p1    | 0000000001000000000000000000000000000000000000000000
 p2    | 0000000010000000000000000000000000000000000000000000
 md1   | 0000000100000000000000000000000000000000000000000000
 md2   | 0000001000000000000000000000000000000000000000000000
 mu1   | 0000010000000000000000000000000000000000000000000000
 mu2   | 0000100000000000000000000000000000000000000000000000
 borr1 | 0001000000000000000000000000000000000000000000000000
 borr2 | 0010000000000000000000000000000000000000000000000000
 ret1  | 0100000000000000000000000000000000000000000000000000
 ret2  | 1000000000000000000000000000000000000000000000000000
---------------------------------------------------------------

=========================================================================
Advanced HDL Synthesis Report

Macro Statistics
# FSMs                                                 : 1
# Adders/Subtractors                                   : 5
 17-bit adder                                          : 1
 4-bit adder                                           : 4
# Registers                                            : 35
 Flip-Flops                                            : 35
# Comparators                                          : 12
 17-bit comparator less                                : 2
 4-bit comparator greatequal                           : 5
 4-bit comparator less                                 : 5

=========================================================================

=========================================================================
*                         Low Level Synthesis                           *
=========================================================================

Optimizing unit <controlador> ...
WARNING:Xst:1293 - FF/Latch <mind_3> has a constant value of 0 in block <controlador>. This FF/Latch will be trimmed during the optimization process.
WARNING:Xst:1293 - FF/Latch <mind_3> has a constant value of 0 in block <controlador>. This FF/Latch will be trimmed during the optimization process.
WARNING:Xst:1293 - FF/Latch <hrsd_2> has a constant value of 0 in block <controlador>. This FF/Latch will be trimmed during the optimization process.
WARNING:Xst:1896 - Due to other FF/Latch trimming, FF/Latch <hrsd_3> has a constant value of 0 in block <controlador>. This FF/Latch will be trimmed during the optimization process.
WARNING:Xst:1293 - FF/Latch <hrsd_2> has a constant value of 0 in block <controlador>. This FF/Latch will be trimmed during the optimization process.
WARNING:Xst:1896 - Due to other FF/Latch trimming, FF/Latch <hrsd_3> has a constant value of 0 in block <controlador>. This FF/Latch will be trimmed during the optimization process.

Mapping all equations...
Building and optimizing final netlist ...
Found area constraint ratio of 100 (+ 5) on block controlador, actual ratio is 1.

Final Macro Processing ...

=========================================================================
Final Register Report

Macro Statistics
# Registers                                            : 84
 Flip-Flops                                            : 84

=========================================================================

=========================================================================
*                           Partition Report                            *
=========================================================================

Partition Implementation Status
-------------------------------

  No Partitions were found in this design.

-------------------------------

=========================================================================
*                            Final Report                               *
=========================================================================
Final Results
RTL Top Level Output File Name     : controlador.ngr
Top Level Output File Name         : controlador
Output Format                      : NGC
Optimization Goal                  : Speed
Keep Hierarchy                     : No

Design Statistics
# IOs                              : 22

Cell Usage :
# BELS                             : 183
#      GND                         : 1
#      INV                         : 4
#      LUT1                        : 18
#      LUT2                        : 28
#      LUT3                        : 10
#      LUT3_D                      : 4
#      LUT4                        : 42
#      MUXCY                       : 56
#      MUXF5                       : 2
#      VCC                         : 1
#      XORCY                       : 17
# FlipFlops/Latches                : 84
#      FD                          : 17
#      FDC                         : 1
#      FDCE_1                      : 13
#      FDR                         : 51
#      FDRS                        : 1
#      FDS                         : 1
# Clock Buffers                    : 2
#      BUFG                        : 1
#      BUFGP                       : 1
# IO Buffers                       : 10
#      IBUF                        : 2
#      OBUF                        : 8
=========================================================================

Device utilization summary:
---------------------------

Selected Device : 3s500efg320-4 

 Number of Slices:                       86  out of   4656     1%  
 Number of Slice Flip Flops:             83  out of   9312     0%  
 Number of 4 input LUTs:                106  out of   9312     1%  
 Number of IOs:                          22
 Number of bonded IOBs:                  11  out of    232     4%  
    IOB Flip Flops:                       1
 Number of GCLKs:                         2  out of     24     8%  

---------------------------
Partition Resource Summary:
---------------------------

  No Partitions were found in this design.

---------------------------


=========================================================================
TIMING REPORT

NOTE: THESE TIMING NUMBERS ARE ONLY A SYNTHESIS ESTIMATE.
      FOR ACCURATE TIMING INFORMATION PLEASE REFER TO THE TRACE REPORT
      GENERATED AFTER PLACE-and-ROUTE.

Clock Information:
------------------
-----------------------------------+------------------------+-------+
Clock Signal                       | Clock buffer(FF name)  | Load  |
-----------------------------------+------------------------+-------+
clk                                | BUFGP                  | 19    |
u1/edo_presente_0                  | NONE(minu_0)           | 13    |
E_OBUF1                            | BUFG                   | 52    |
-----------------------------------+------------------------+-------+
INFO:Xst:2169 - HDL ADVISOR - Some clock signals were not automatically buffered by XST with BUFG/BUFR resources. Please use the buffer_type constraint in order to insert these buffers to the clock signals to help prevent skew problems.

Asynchronous Control Signals Information:
----------------------------------------
-----------------------------------+------------------------+-------+
Control Signal                     | Buffer(FF name)        | Load  |
-----------------------------------+------------------------+-------+
reset                              | IBUF                   | 14    |
-----------------------------------+------------------------+-------+

Timing Summary:
---------------
Speed Grade: -4

   Minimum period: 9.521ns (Maximum Frequency: 105.031MHz)
   Minimum input arrival time before clock: 3.402ns
   Maximum output required time after clock: 7.245ns
   Maximum combinational path delay: No path found

Timing Detail:
--------------
All values displayed in nanoseconds (ns)

=========================================================================
Timing constraint: Default period analysis for Clock 'clk'
  Clock period: 9.521ns (frequency: 105.031MHz)
  Total number of paths / destination ports: 596 / 18
-------------------------------------------------------------------------
Delay:               9.521ns (Levels of Logic = 17)
  Source:            cuenta_1 (FF)
  Destination:       E (FF)
  Source Clock:      clk rising
  Destination Clock: clk rising

  Data Path: cuenta_1 to E
                                Gate     Net
    Cell:in->out      fanout   Delay   Delay  Logical Name (Net Name)
    ----------------------------------------  ------------
     FD:C->Q               1   0.591   0.595  cuenta_1 (cuenta_1)
     LUT1:I0->O            1   0.704   0.000  Madd_cuenta_addsub0000_cy<1>_rt (Madd_cuenta_addsub0000_cy<1>_rt)
     MUXCY:S->O            1   0.464   0.000  Madd_cuenta_addsub0000_cy<1> (Madd_cuenta_addsub0000_cy<1>)
     MUXCY:CI->O           1   0.059   0.000  Madd_cuenta_addsub0000_cy<2> (Madd_cuenta_addsub0000_cy<2>)
     MUXCY:CI->O           1   0.059   0.000  Madd_cuenta_addsub0000_cy<3> (Madd_cuenta_addsub0000_cy<3>)
     MUXCY:CI->O           1   0.059   0.000  Madd_cuenta_addsub0000_cy<4> (Madd_cuenta_addsub0000_cy<4>)
     MUXCY:CI->O           1   0.059   0.000  Madd_cuenta_addsub0000_cy<5> (Madd_cuenta_addsub0000_cy<5>)
     MUXCY:CI->O           1   0.059   0.000  Madd_cuenta_addsub0000_cy<6> (Madd_cuenta_addsub0000_cy<6>)
     MUXCY:CI->O           1   0.059   0.000  Madd_cuenta_addsub0000_cy<7> (Madd_cuenta_addsub0000_cy<7>)
     MUXCY:CI->O           1   0.059   0.000  Madd_cuenta_addsub0000_cy<8> (Madd_cuenta_addsub0000_cy<8>)
     MUXCY:CI->O           1   0.059   0.000  Madd_cuenta_addsub0000_cy<9> (Madd_cuenta_addsub0000_cy<9>)
     XORCY:CI->O           2   0.804   0.622  Madd_cuenta_addsub0000_xor<10> (cuenta_addsub0000<10>)
     LUT2:I0->O            1   0.704   0.424  Mcompar_E_cmp_lt0000_lut<5>_SW0 (N18)
     LUT4:I3->O            1   0.704   0.000  Mcompar_E_cmp_lt0000_lut<5> (Mcompar_E_cmp_lt0000_lut<5>)
     MUXCY:S->O            1   0.464   0.000  Mcompar_E_cmp_lt0000_cy<5> (Mcompar_E_cmp_lt0000_cy<5>)
     MUXCY:CI->O           1   0.059   0.000  Mcompar_E_cmp_lt0000_cy<6> (Mcompar_E_cmp_lt0000_cy<6>)
     MUXCY:CI->O           1   0.459   0.420  Mcompar_E_cmp_lt0000_cy<7> (Mcompar_E_cmp_lt0000_cy<7>)
     INV:I->O              1   0.704   0.420  Mcompar_E_cmp_lt0000_cy<7>_inv_INV_0 (E_cmp_lt0000)
     FDR:R                     0.911          E
    ----------------------------------------
    Total                      9.521ns (7.040ns logic, 2.481ns route)
                                       (73.9% logic, 26.1% route)

=========================================================================
Timing constraint: Default period analysis for Clock 'u1/edo_presente_0'
  Clock period: 5.899ns (frequency: 169.520MHz)
  Total number of paths / destination ports: 236 / 26
-------------------------------------------------------------------------
Delay:               5.899ns (Levels of Logic = 4)
  Source:            mind_1 (FF)
  Destination:       hrsu_0 (FF)
  Source Clock:      u1/edo_presente_0 falling
  Destination Clock: u1/edo_presente_0 falling

  Data Path: mind_1 to hrsu_0
                                Gate     Net
    Cell:in->out      fanout   Delay   Delay  Logical Name (Net Name)
    ----------------------------------------  ------------
     FDCE_1:C->Q           6   0.591   0.748  mind_1 (mind_1)
     LUT3_D:I1->O         10   0.704   1.057  mind_cmp_lt00001 (mind_cmp_lt0000)
     LUT3:I0->O            1   0.704   0.000  hrsu_mux0000<0>1_F (N28)
     MUXF5:I0->O           4   0.321   0.762  hrsu_mux0000<0>1 (N0)
     LUT4:I0->O            1   0.704   0.000  hrsu_mux0000<0> (hrsu_mux0000<0>)
     FDCE_1:D                  0.308          hrsu_3
    ----------------------------------------
    Total                      5.899ns (3.332ns logic, 2.567ns route)
                                       (56.5% logic, 43.5% route)

=========================================================================
Timing constraint: Default period analysis for Clock 'E_OBUF1'
  Clock period: 1.949ns (frequency: 513.084MHz)
  Total number of paths / destination ports: 52 / 52
-------------------------------------------------------------------------
Delay:               1.949ns (Levels of Logic = 0)
  Source:            pr_estado_FSM_FFd1 (FF)
  Destination:       pr_estado_FSM_FFd40 (FF)
  Source Clock:      E_OBUF1 rising
  Destination Clock: E_OBUF1 rising

  Data Path: pr_estado_FSM_FFd1 to pr_estado_FSM_FFd40
                                Gate     Net
    Cell:in->out      fanout   Delay   Delay  Logical Name (Net Name)
    ----------------------------------------  ------------
     FDR:C->Q              2   0.591   0.447  pr_estado_FSM_FFd1 (pr_estado_FSM_FFd1)
     FDRS:S                    0.911          pr_estado_FSM_FFd40
    ----------------------------------------
    Total                      1.949ns (1.502ns logic, 0.447ns route)
                                       (77.1% logic, 22.9% route)

=========================================================================
Timing constraint: Default OFFSET IN BEFORE for Clock 'clk'
  Total number of paths / destination ports: 1 / 1
-------------------------------------------------------------------------
Offset:              1.946ns (Levels of Logic = 1)
  Source:            min (PAD)
  Destination:       u1/edo_presente_0 (FF)
  Destination Clock: clk rising

  Data Path: min to u1/edo_presente_0
                                Gate     Net
    Cell:in->out      fanout   Delay   Delay  Logical Name (Net Name)
    ----------------------------------------  ------------
     IBUF:I->O             1   1.218   0.420  min_IBUF (min_IBUF)
     FDC:D                     0.308          u1/edo_presente_0
    ----------------------------------------
    Total                      1.946ns (1.526ns logic, 0.420ns route)
                                       (78.4% logic, 21.6% route)

=========================================================================
Timing constraint: Default OFFSET IN BEFORE for Clock 'E_OBUF1'
  Total number of paths / destination ports: 52 / 52
-------------------------------------------------------------------------
Offset:              3.402ns (Levels of Logic = 1)
  Source:            reset (PAD)
  Destination:       pr_estado_FSM_FFd52 (FF)
  Destination Clock: E_OBUF1 rising

  Data Path: reset to pr_estado_FSM_FFd52
                                Gate     Net
    Cell:in->out      fanout   Delay   Delay  Logical Name (Net Name)
    ----------------------------------------  ------------
     IBUF:I->O            66   1.218   1.273  reset_IBUF (reset_IBUF)
     FDS:S                     0.911          pr_estado_FSM_FFd52
    ----------------------------------------
    Total                      3.402ns (2.129ns logic, 1.273ns route)
                                       (62.6% logic, 37.4% route)

=========================================================================
Timing constraint: Default OFFSET OUT AFTER for Clock 'clk'
  Total number of paths / destination ports: 1 / 1
-------------------------------------------------------------------------
Offset:              4.310ns (Levels of Logic = 1)
  Source:            E (FF)
  Destination:       E (PAD)
  Source Clock:      clk rising

  Data Path: E to E
                                Gate     Net
    Cell:in->out      fanout   Delay   Delay  Logical Name (Net Name)
    ----------------------------------------  ------------
     FDR:C->Q              2   0.591   0.447  E (E_OBUF1)
     OBUF:I->O                 3.272          E_OBUF (E)
    ----------------------------------------
    Total                      4.310ns (3.863ns logic, 0.447ns route)
                                       (89.6% logic, 10.4% route)

=========================================================================
Timing constraint: Default OFFSET OUT AFTER for Clock 'E_OBUF1'
  Total number of paths / destination ports: 95 / 5
-------------------------------------------------------------------------
Offset:              6.992ns (Levels of Logic = 3)
  Source:            pr_estado_FSM_FFd45 (FF)
  Destination:       RS (PAD)
  Source Clock:      E_OBUF1 rising

  Data Path: pr_estado_FSM_FFd45 to RS
                                Gate     Net
    Cell:in->out      fanout   Delay   Delay  Logical Name (Net Name)
    ----------------------------------------  ------------
     FDR:C->Q              3   0.591   0.706  pr_estado_FSM_FFd45 (pr_estado_FSM_FFd45)
     LUT4:I0->O            1   0.704   0.595  pr_estado_FSM_Out5212 (pr_estado_FSM_Out5212)
     LUT4:I0->O            1   0.704   0.420  pr_estado_FSM_Out5276 (RS_OBUF)
     OBUF:I->O                 3.272          RS_OBUF (RS)
    ----------------------------------------
    Total                      6.992ns (5.271ns logic, 1.721ns route)
                                       (75.4% logic, 24.6% route)

=========================================================================
Timing constraint: Default OFFSET OUT AFTER for Clock 'u1/edo_presente_0'
  Total number of paths / destination ports: 13 / 4
-------------------------------------------------------------------------
Offset:              7.245ns (Levels of Logic = 9)
  Source:            hrsd_1 (FF)
  Destination:       DB<1> (PAD)
  Source Clock:      u1/edo_presente_0 falling

  Data Path: hrsd_1 to DB<1>
                                Gate     Net
    Cell:in->out      fanout   Delay   Delay  Logical Name (Net Name)
    ----------------------------------------  ------------
     FDCE_1:C->Q          12   0.591   1.040  hrsd_1 (hrsd_1)
     LUT2:I1->O            1   0.704   0.000  DB<1>_wg_lut<0> (DB<1>_wg_lut<0>)
     MUXCY:S->O            1   0.464   0.000  DB<1>_wg_cy<0> (DB<1>_wg_cy<0>)
     MUXCY:CI->O           1   0.059   0.000  DB<1>_wg_cy<1> (DB<1>_wg_cy<1>)
     MUXCY:CI->O           1   0.059   0.000  DB<1>_wg_cy<2> (DB<1>_wg_cy<2>)
     MUXCY:CI->O           1   0.059   0.000  DB<1>_wg_cy<3> (DB<1>_wg_cy<3>)
     MUXCY:CI->O           1   0.059   0.000  DB<1>_wg_cy<4> (DB<1>_wg_cy<4>)
     MUXCY:CI->O           1   0.059   0.000  DB<1>_wg_cy<5> (DB<1>_wg_cy<5>)
     MUXCY:CI->O           1   0.459   0.420  DB<1>_wg_cy<6> (DB_1_OBUF)
     OBUF:I->O                 3.272          DB_1_OBUF (DB<1>)
    ----------------------------------------
    Total                      7.245ns (5.785ns logic, 1.460ns route)
                                       (79.8% logic, 20.2% route)

=========================================================================


Total REAL time to Xst completion: 4.00 secs
Total CPU time to Xst completion: 4.30 secs
 
--> 

Total memory usage is 4550560 kilobytes

Number of errors   :    0 (   0 filtered)
Number of warnings :   16 (   0 filtered)
Number of infos    :    2 (   0 filtered)

