Release 14.7 - xst P.20131013 (nt64)
Copyright (c) 1995-2013 Xilinx, Inc.  All rights reserved.
--> Parameter TMPDIR set to xst/projnav.tmp


Total REAL time to Xst completion: 0.00 secs
Total CPU time to Xst completion: 0.09 secs
 
--> Parameter xsthdpdir set to xst


Total REAL time to Xst completion: 0.00 secs
Total CPU time to Xst completion: 0.09 secs
 
--> Reading design: controlador.prj

TABLE OF CONTENTS
  1) Synthesis Options Summary
  2) HDL Compilation
  3) Design Hierarchy Analysis
  4) HDL Analysis
  5) HDL Synthesis
     5.1) HDL Synthesis Report
  6) Advanced HDL Synthesis
     6.1) Advanced HDL Synthesis Report
  7) Low Level Synthesis
  8) Partition Report
  9) Final Report
	9.1) Device utilization summary
	9.2) Partition Resource Summary
	9.3) TIMING REPORT


=========================================================================
*                      Synthesis Options Summary                        *
=========================================================================
---- Source Parameters
Input File Name                    : "controlador.prj"
Input Format                       : mixed
Ignore Synthesis Constraint File   : NO

---- Target Parameters
Output File Name                   : "controlador"
Output Format                      : NGC
Target Device                      : xc3s500e-4-fg320

---- Source Options
Top Module Name                    : controlador
Automatic FSM Extraction           : YES
FSM Encoding Algorithm             : Auto
Safe Implementation                : No
FSM Style                          : LUT
RAM Extraction                     : Yes
RAM Style                          : Auto
ROM Extraction                     : Yes
Mux Style                          : Auto
Decoder Extraction                 : YES
Priority Encoder Extraction        : Yes
Shift Register Extraction          : YES
Logical Shifter Extraction         : YES
XOR Collapsing                     : YES
ROM Style                          : Auto
Mux Extraction                     : Yes
Resource Sharing                   : YES
Asynchronous To Synchronous        : NO
Multiplier Style                   : Auto
Automatic Register Balancing       : No

---- Target Options
Add IO Buffers                     : YES
Global Maximum Fanout              : 100000
Add Generic Clock Buffer(BUFG)     : 24
Register Duplication               : YES
Slice Packing                      : YES
Optimize Instantiated Primitives   : NO
Use Clock Enable                   : Yes
Use Synchronous Set                : Yes
Use Synchronous Reset              : Yes
Pack IO Registers into IOBs        : Auto
Equivalent register Removal        : YES

---- General Options
Optimization Goal                  : Speed
Optimization Effort                : 1
Keep Hierarchy                     : No
Netlist Hierarchy                  : As_Optimized
RTL Output                         : Yes
Global Optimization                : AllClockNets
Read Cores                         : YES
Write Timing Constraints           : NO
Cross Clock Analysis               : NO
Hierarchy Separator                : /
Bus Delimiter                      : <>
Case Specifier                     : Maintain
Slice Utilization Ratio            : 100
BRAM Utilization Ratio             : 100
Verilog 2001                       : YES
Auto BRAM Packing                  : NO
Slice Utilization Ratio Delta      : 5

=========================================================================


=========================================================================
*                          HDL Compilation                              *
=========================================================================
Compiling vhdl file "C:/Users/chinc/Documents/upb/ElectronicaDigital/Xilinx/Divisor_de_frecuencia_5hz/div_frec_5hz.vhd" in Library work.
Architecture divisor_de_frecuencia_5hz of Entity div_frec_5hz is up to date.
Compiling vhdl file "C:/Users/chinc/Documents/upb/ElectronicaDigital/Xilinx/Eliminador_de_ruido/eliminador.vhd" in Library work.
Architecture eliminador_de_ruido of Entity eliminador is up to date.
Compiling vhdl file "C:/Users/chinc/Documents/upb/ElectronicaDigital/Xilinx/Divisor_de_frecuencia/div_frec_vhdl.vhd" in Library work.
Architecture divisor_de_fecuencia of Entity div_frec_vhdl is up to date.
Compiling vhdl file "C:/Users/chinc/Documents/upb/ElectronicaDigital/Xilinx/Casa_Domotica/controlador.vhd" in Library work.
Entity <controlador> compiled.
Entity <controlador> (Architecture <casa_domotica>) compiled.

=========================================================================
*                     Design Hierarchy Analysis                         *
=========================================================================
Analyzing hierarchy for entity <controlador> in library <work> (architecture <casa_domotica>).

Analyzing hierarchy for entity <div_frec_5hz> in library <work> (architecture <divisor_de_frecuencia_5hz>).

Analyzing hierarchy for entity <eliminador> in library <work> (architecture <eliminador_de_ruido>).

Analyzing hierarchy for entity <div_frec_vhdl> in library <work> (architecture <divisor_de_fecuencia>).


=========================================================================
*                            HDL Analysis                               *
=========================================================================
Analyzing Entity <controlador> in library <work> (Architecture <casa_domotica>).
WARNING:Xst:819 - "C:/Users/chinc/Documents/upb/ElectronicaDigital/Xilinx/Casa_Domotica/controlador.vhd" line 340: One or more signals are missing in the process sensitivity list. To enable synthesis of FPGA/CPLD hardware, XST will assume that all necessary signals are present in the sensitivity list. Please note that the result of the synthesis may differ from the initial design specification. The missing signals are:
   <segundosd>, <segundosu>
Entity <controlador> analyzed. Unit <controlador> generated.

Analyzing Entity <div_frec_5hz> in library <work> (Architecture <divisor_de_frecuencia_5hz>).
Entity <div_frec_5hz> analyzed. Unit <div_frec_5hz> generated.

Analyzing Entity <eliminador> in library <work> (Architecture <eliminador_de_ruido>).
Entity <eliminador> analyzed. Unit <eliminador> generated.

Analyzing Entity <div_frec_vhdl> in library <work> (Architecture <divisor_de_fecuencia>).
Entity <div_frec_vhdl> analyzed. Unit <div_frec_vhdl> generated.


=========================================================================
*                           HDL Synthesis                               *
=========================================================================

Performing bidirectional port resolution...

Synthesizing Unit <div_frec_5hz>.
    Related source file is "C:/Users/chinc/Documents/upb/ElectronicaDigital/Xilinx/Divisor_de_frecuencia_5hz/div_frec_5hz.vhd".
    Found 1-bit register for signal <clkout>.
    Found 24-bit comparator less for signal <clkout$cmp_lt0000> created at line 50.
    Found 24-bit up counter for signal <count>.
    Found 24-bit comparator less for signal <count$cmp_lt0000> created at line 47.
    Summary:
	inferred   1 Counter(s).
	inferred   1 D-type flip-flop(s).
	inferred   2 Comparator(s).
Unit <div_frec_5hz> synthesized.


Synthesizing Unit <eliminador>.
    Related source file is "C:/Users/chinc/Documents/upb/ElectronicaDigital/Xilinx/Eliminador_de_ruido/eliminador.vhd".
    Found 1-bit register for signal <edo_presente<0>>.
    Summary:
	inferred   1 D-type flip-flop(s).
Unit <eliminador> synthesized.


Synthesizing Unit <div_frec_vhdl>.
    Related source file is "C:/Users/chinc/Documents/upb/ElectronicaDigital/Xilinx/Divisor_de_frecuencia/div_frec_vhdl.vhd".
    Found 1-bit register for signal <clkout>.
    Found 26-bit comparator less for signal <clkout$cmp_lt0000> created at line 50.
    Found 26-bit up counter for signal <count>.
    Found 26-bit comparator less for signal <count$cmp_lt0000> created at line 47.
    Summary:
	inferred   1 Counter(s).
	inferred   1 D-type flip-flop(s).
	inferred   2 Comparator(s).
Unit <div_frec_vhdl> synthesized.


Synthesizing Unit <controlador>.
    Related source file is "C:/Users/chinc/Documents/upb/ElectronicaDigital/Xilinx/Casa_Domotica/controlador.vhd".
WARNING:Xst:1306 - Output <l> is never assigned.
    Found finite state machine <FSM_0> for signal <pr_estado>.
    -----------------------------------------------------------------------
    | States             | 34                                             |
    | Transitions        | 34                                             |
    | Inputs             | 0                                              |
    | Outputs            | 35                                             |
    | Clock              | E                         (rising_edge)        |
    | Reset              | reset                     (positive)           |
    | Reset type         | synchronous                                    |
    | Reset State        | fi1a                                           |
    | Power Up State     | fi1a                                           |
    | Encoding           | automatic                                      |
    | Implementation     | LUT                                            |
    -----------------------------------------------------------------------
WARNING:Xst:737 - Found 21-bit latch for signal <sig_tiempo>. Latches may be generated from incomplete case or if statements. We do not recommend the use of latches in FPGA/CPLD designs, as they may lead to timing problems.
    Using one-hot encoding for signal <pr_tiempo>.
    Found 1-bit register for signal <E>.
    Found 6-bit comparator greatequal for signal <aspersor$cmp_ge0000> created at line 329.
    Found 6-bit comparator less for signal <aspersor$cmp_lt0000> created at line 330.
    Found 17-bit register for signal <cuenta>.
    Found 17-bit adder for signal <cuenta$addsub0000> created at line 91.
    Found 17-bit comparator less for signal <cuenta$cmp_lt0000> created at line 90.
    Found 17-bit comparator less for signal <E$cmp_lt0000> created at line 95.
    Found 6-bit register for signal <horas>.
    Found 6-bit comparator less for signal <horas$cmp_lt0000> created at line 187.
    Found 6-bit adder for signal <horas$share0000>.
    Found 4-bit register for signal <hrsd>.
    Found 4-bit adder for signal <hrsd$add0000> created at line 165.
    Found 4-bit adder for signal <hrsd$add0001> created at line 195.
    Found 4-bit adder for signal <hrsd$add0002> created at line 208.
    Found 4-bit adder for signal <hrsd$addsub0000> created at line 212.
    Found 6-bit comparator greatequal for signal <hrsd$cmp_ge0000> created at line 168.
    Found 6-bit comparator greatequal for signal <hrsd$cmp_ge0001> created at line 168.
    Found 6-bit comparator greatequal for signal <hrsd$cmp_ge0002> created at line 168.
    Found 4-bit register for signal <hrsu>.
    Found 4-bit adder for signal <hrsu$addsub0000> created at line 188.
    Found 4-bit adder for signal <hrsu$addsub0001> created at line 155.
    Found 6-bit comparator greatequal for signal <luces$cmp_ge0000> created at line 320.
    Found 6-bit comparator less for signal <luces$cmp_lt0000> created at line 321.
    Found 4-bit register for signal <mind>.
    Found 4-bit adder for signal <mind$add0000> created at line 151.
    Found 4-bit adder for signal <mind$add0001> created at line 181.
    Found 4-bit adder for signal <mind$addsub0000> created at line 184.
    Found 4-bit register for signal <minu>.
    Found 4-bit adder for signal <minu$addsub0000> created at line 144.
    Found 6-bit register for signal <minutos>.
    Found 6-bit adder for signal <minutos$addsub0000> created at line 182.
    Found 6-bit comparator less for signal <minutos$cmp_lt0000> created at line 143.
    Found 21-bit register for signal <pr_tiempo>.
    Found 4-bit register for signal <segd>.
    Found 4-bit adder for signal <segd$add0000> created at line 137.
    Found 4-bit adder for signal <segd$addsub0000> created at line 140.
    Found 4-bit register for signal <segu>.
    Found 6-bit register for signal <segundos>.
    Found 6-bit adder for signal <segundos$addsub0000> created at line 138.
    Found 6-bit comparator greatequal for signal <sig_tiempo$cmp_ge0000> created at line 244.
    Summary:
	inferred   1 Finite State Machine(s).
	inferred  60 D-type flip-flop(s).
	inferred  16 Adder/Subtractor(s).
	inferred  12 Comparator(s).
Unit <controlador> synthesized.

INFO:Xst:1767 - HDL ADVISOR - Resource sharing has identified that some arithmetic operations in this design can share the same physical resources for reduced device utilization. For improved clock frequency you may try to disable resource sharing.

=========================================================================
HDL Synthesis Report

Macro Statistics
# Adders/Subtractors                                   : 16
 17-bit adder                                          : 1
 4-bit adder                                           : 12
 6-bit adder                                           : 3
# Counters                                             : 2
 24-bit up counter                                     : 1
 26-bit up counter                                     : 1
# Registers                                            : 16
 1-bit register                                        : 5
 17-bit register                                       : 1
 21-bit register                                       : 1
 4-bit register                                        : 6
 6-bit register                                        : 3
# Latches                                              : 1
 21-bit latch                                          : 1
# Comparators                                          : 16
 17-bit comparator less                                : 2
 24-bit comparator less                                : 2
 26-bit comparator less                                : 2
 6-bit comparator greatequal                           : 6
 6-bit comparator less                                 : 4

=========================================================================

=========================================================================
*                       Advanced HDL Synthesis                          *
=========================================================================

Analyzing FSM <FSM_0> for best encoding.
Optimizing FSM <pr_estado/FSM> on signal <pr_estado[1:34]> with one-hot encoding.
---------------------------------------------
 State | Encoding
---------------------------------------------
 fi1a  | 0000000000000000000000000000000001
 fi1b  | 0000000000000000000000000000000010
 fi2a  | 0000000000000000000000000000000100
 fi2b  | 0000000000000000000000000000001000
 fi3a  | 0000000000000000000000000000010000
 fi3b  | 0000000000000000000000000000100000
 bor1  | 0000000000000000000000000001000000
 bor2  | 0000000000000000000000000010000000
 cont1 | 0000000000000000000000000100000000
 cont2 | 0000000000000000000000001000000000
 mod1  | 0000000000000000000000010000000000
 mod2  | 0000000000000000000000100000000000
 pp1   | 0000000000010000000000000000000000
 pp2   | 0000000000100000000000000000000000
 ent1  | 0000010000000000000000000000000000
 ent2  | 0000100000000000000000000000000000
 hd1   | 0000000000000000000001000000000000
 hd2   | 0000000000000000000010000000000000
 hu1   | 0000000000000000000100000000000000
 hu2   | 0000000000000000001000000000000000
 p1    | 0000000000000000010000000000000000
 p2    | 0000000000000000100000000000000000
 md1   | 0000000000000001000000000000000000
 md2   | 0000000000000010000000000000000000
 mu1   | 0000000000000100000000000000000000
 mu2   | 0000000000001000000000000000000000
 sd1   | 0000000001000000000000000000000000
 sd2   | 0000000010000000000000000000000000
 su1   | 0000000100000000000000000000000000
 su2   | 0000001000000000000000000000000000
 borr1 | 0001000000000000000000000000000000
 borr2 | 0010000000000000000000000000000000
 ret1  | 0100000000000000000000000000000000
 ret2  | 1000000000000000000000000000000000
---------------------------------------------
WARNING:Xst:1426 - The value init of the FF/Latch 0 hinder the constant cleaning in the block 0.
   You should achieve better results by setting this init to 0.

=========================================================================
Advanced HDL Synthesis Report

Macro Statistics
# FSMs                                                 : 1
# Adders/Subtractors                                   : 16
 17-bit adder                                          : 1
 4-bit adder                                           : 12
 6-bit adder                                           : 3
# Counters                                             : 2
 24-bit up counter                                     : 1
 26-bit up counter                                     : 1
# Registers                                            : 85
 Flip-Flops                                            : 85
# Latches                                              : 1
 21-bit latch                                          : 1
# Comparators                                          : 16
 17-bit comparator less                                : 2
 24-bit comparator less                                : 2
 26-bit comparator less                                : 2
 6-bit comparator greatequal                           : 6
 6-bit comparator less                                 : 4

=========================================================================

=========================================================================
*                         Low Level Synthesis                           *
=========================================================================
WARNING:Xst:1426 - The value init of the FF/Latch 0 hinder the constant cleaning in the block LPM_LATCH_1.
   You should achieve better results by setting this init to 0.
WARNING:Xst:2677 - Node <pr_tiempo_20> of sequential type is unconnected in block <controlador>.
WARNING:Xst:2677 - Node <sig_tiempo_20> of sequential type is unconnected in block <controlador>.

Optimizing unit <controlador> ...

Mapping all equations...
Building and optimizing final netlist ...
Found area constraint ratio of 100 (+ 5) on block controlador, actual ratio is 4.
FlipFlop u1/edo_presente_0 has been replicated 1 time(s) to handle iob=true attribute.
FlipFlop u2/edo_presente_0 has been replicated 1 time(s) to handle iob=true attribute.

Final Macro Processing ...

=========================================================================
Final Register Report

Macro Statistics
# Registers                                            : 170
 Flip-Flops                                            : 170

=========================================================================

=========================================================================
*                           Partition Report                            *
=========================================================================

Partition Implementation Status
-------------------------------

  No Partitions were found in this design.

-------------------------------

=========================================================================
*                            Final Report                               *
=========================================================================
Final Results
RTL Top Level Output File Name     : controlador.ngr
Top Level Output File Name         : controlador
Output Format                      : NGC
Optimization Goal                  : Speed
Keep Hierarchy                     : No

Design Statistics
# IOs                              : 23

Cell Usage :
# BELS                             : 619
#      GND                         : 1
#      INV                         : 18
#      LUT1                        : 82
#      LUT2                        : 48
#      LUT2_D                      : 4
#      LUT2_L                      : 1
#      LUT3                        : 48
#      LUT3_D                      : 5
#      LUT3_L                      : 5
#      LUT4                        : 153
#      LUT4_D                      : 24
#      LUT4_L                      : 10
#      MUXCY                       : 130
#      MUXF5                       : 22
#      VCC                         : 1
#      XORCY                       : 67
# FlipFlops/Latches                : 190
#      FD                          : 17
#      FDC                         : 23
#      FDCE_1                      : 42
#      FDP                         : 1
#      FDR                         : 85
#      FDRS                        : 1
#      FDS                         : 1
#      LDE                         : 20
# Clock Buffers                    : 5
#      BUFG                        : 4
#      BUFGP                       : 1
# IO Buffers                       : 18
#      IBUF                        : 4
#      OBUF                        : 14
=========================================================================

Device utilization summary:
---------------------------

Selected Device : 3s500efg320-4 

 Number of Slices:                      226  out of   4656     4%  
 Number of Slice Flip Flops:            186  out of   9312     1%  
 Number of 4 input LUTs:                398  out of   9312     4%  
 Number of IOs:                          23
 Number of bonded IOBs:                  19  out of    232     8%  
    IOB Flip Flops:                       4
 Number of GCLKs:                         5  out of     24    20%  

---------------------------
Partition Resource Summary:
---------------------------

  No Partitions were found in this design.

---------------------------


=========================================================================
TIMING REPORT

NOTE: THESE TIMING NUMBERS ARE ONLY A SYNTHESIS ESTIMATE.
      FOR ACCURATE TIMING INFORMATION PLEASE REFER TO THE TRACE REPORT
      GENERATED AFTER PLACE-and-ROUTE.

Clock Information:
------------------
-----------------------------------------------+------------------------+-------+
Clock Signal                                   | Clock buffer(FF name)  | Load  |
-----------------------------------------------+------------------------+-------+
clk                                            | BUFGP                  | 70    |
u0/clkout1                                     | BUFG                   | 42    |
E_OBUF1                                        | BUFG                   | 38    |
u3/clkout1                                     | BUFG                   | 20    |
sig_tiempo_cmp_eq00001(sig_tiempo_cmp_eq0000:O)| BUFG(*)(sig_tiempo_0)  | 20    |
-----------------------------------------------+------------------------+-------+
(*) This 1 clock signal(s) are generated by combinatorial logic,
and XST is not able to identify which are the primary clock signals.
Please use the CLOCK_SIGNAL constraint to specify the clock signal(s) generated by combinatorial logic.

Asynchronous Control Signals Information:
----------------------------------------
-----------------------------------+------------------------+-------+
Control Signal                     | Buffer(FF name)        | Load  |
-----------------------------------+------------------------+-------+
reset                              | IBUF                   | 66    |
-----------------------------------+------------------------+-------+

Timing Summary:
---------------
Speed Grade: -4

   Minimum period: 14.613ns (Maximum Frequency: 68.431MHz)
   Minimum input arrival time before clock: 13.724ns
   Maximum output required time after clock: 9.281ns
   Maximum combinational path delay: 5.774ns

Timing Detail:
--------------
All values displayed in nanoseconds (ns)

=========================================================================
Timing constraint: Default period analysis for Clock 'clk'
  Clock period: 9.845ns (frequency: 101.574MHz)
  Total number of paths / destination ports: 2220 / 120
-------------------------------------------------------------------------
Delay:               9.845ns (Levels of Logic = 14)
  Source:            cuenta_5 (FF)
  Destination:       E (FF)
  Source Clock:      clk rising
  Destination Clock: clk rising

  Data Path: cuenta_5 to E
                                Gate     Net
    Cell:in->out      fanout   Delay   Delay  Logical Name (Net Name)
    ----------------------------------------  ------------
     FD:C->Q               2   0.591   0.622  cuenta_5 (cuenta_5)
     LUT1:I0->O            1   0.704   0.000  Mcompar_cuenta_cmp_lt0000_cy<0>_rt (Mcompar_cuenta_cmp_lt0000_cy<0>_rt)
     MUXCY:S->O            1   0.464   0.000  Mcompar_cuenta_cmp_lt0000_cy<0> (Mcompar_cuenta_cmp_lt0000_cy<0>)
     MUXCY:CI->O           1   0.059   0.000  Mcompar_cuenta_cmp_lt0000_cy<1> (Mcompar_cuenta_cmp_lt0000_cy<1>)
     MUXCY:CI->O           1   0.059   0.000  Mcompar_cuenta_cmp_lt0000_cy<2> (Mcompar_cuenta_cmp_lt0000_cy<2>)
     MUXCY:CI->O           1   0.059   0.000  Mcompar_cuenta_cmp_lt0000_cy<3> (Mcompar_cuenta_cmp_lt0000_cy<3>)
     MUXCY:CI->O           1   0.059   0.000  Mcompar_cuenta_cmp_lt0000_cy<4> (Mcompar_cuenta_cmp_lt0000_cy<4>)
     MUXCY:CI->O           1   0.059   0.000  Mcompar_cuenta_cmp_lt0000_cy<5> (Mcompar_cuenta_cmp_lt0000_cy<5>)
     MUXCY:CI->O          22   0.459   1.243  Mcompar_cuenta_cmp_lt0000_cy<6> (Mcompar_cuenta_cmp_lt0000_cy<6>)
     LUT2:I1->O            2   0.704   0.622  cuenta_mux0000<10>1 (cuenta_mux0000<10>)
     LUT4:I0->O            1   0.704   0.000  Mcompar_E_cmp_lt0000_lut<5> (Mcompar_E_cmp_lt0000_lut<5>)
     MUXCY:S->O            1   0.464   0.000  Mcompar_E_cmp_lt0000_cy<5> (Mcompar_E_cmp_lt0000_cy<5>)
     MUXCY:CI->O           1   0.059   0.000  Mcompar_E_cmp_lt0000_cy<6> (Mcompar_E_cmp_lt0000_cy<6>)
     MUXCY:CI->O           1   0.459   0.420  Mcompar_E_cmp_lt0000_cy<7> (Mcompar_E_cmp_lt0000_cy<7>)
     INV:I->O              1   0.704   0.420  Mcompar_E_cmp_lt0000_cy<7>_inv_INV_0 (E_cmp_lt0000)
     FDR:R                     0.911          E
    ----------------------------------------
    Total                      9.845ns (6.518ns logic, 3.327ns route)
                                       (66.2% logic, 33.8% route)

=========================================================================
Timing constraint: Default period analysis for Clock 'u0/clkout1'
  Clock period: 14.613ns (frequency: 68.431MHz)
  Total number of paths / destination ports: 40867 / 66
-------------------------------------------------------------------------
Delay:               14.613ns (Levels of Logic = 11)
  Source:            minutos_2 (FF)
  Destination:       hrsd_3 (FF)
  Source Clock:      u0/clkout1 falling
  Destination Clock: u0/clkout1 falling

  Data Path: minutos_2 to hrsd_3
                                Gate     Net
    Cell:in->out      fanout   Delay   Delay  Logical Name (Net Name)
    ----------------------------------------  ------------
     FDCE_1:C->Q           6   0.591   0.844  minutos_2 (minutos_2)
     LUT3_L:I0->LO         1   0.704   0.104  hrsd_cmp_ge00011_SW0 (N50)
     LUT4:I3->O           51   0.704   1.272  hrsd_cmp_ge00011 (hrsd_cmp_ge0001)
     LUT4:I3->O            5   0.704   0.712  hrsu_mux0000<2>1 (hrsu_mux0000<2>)
     LUT3_D:I1->LO         1   0.704   0.104  hrsd_cmp_eq0000 (N233)
     LUT4:I3->O            9   0.704   0.855  hrsu_mux0003<1>1 (Madd_hrsu_addsub0000_lut<1>)
     LUT3_D:I2->O          3   0.704   0.535  hrsd_cmp_eq00011_SW0 (N86)
     LUT4:I3->O            1   0.704   0.000  hrsu_mux0007<1>1_G (N168)
     MUXF5:I1->O          11   0.321   0.937  hrsu_mux0007<1>1 (Madd_hrsd_add0002_lut<1>)
     LUT4:I3->O            1   0.704   0.424  hrsd_mux0002<0>2_SW0 (N159)
     LUT4_D:I3->O          3   0.704   0.566  hrsd_mux0002<0>2 (N6)
     LUT4:I2->O            1   0.704   0.000  hrsd_mux0002<0>86 (hrsd_mux0002<0>)
     FDCE_1:D                  0.308          hrsd_3
    ----------------------------------------
    Total                     14.613ns (8.260ns logic, 6.353ns route)
                                       (56.5% logic, 43.5% route)

=========================================================================
Timing constraint: Default period analysis for Clock 'E_OBUF1'
  Clock period: 1.949ns (frequency: 513.084MHz)
  Total number of paths / destination ports: 34 / 34
-------------------------------------------------------------------------
Delay:               1.949ns (Levels of Logic = 0)
  Source:            pr_estado_FSM_FFd1 (FF)
  Destination:       pr_estado_FSM_FFd22 (FF)
  Source Clock:      E_OBUF1 rising
  Destination Clock: E_OBUF1 rising

  Data Path: pr_estado_FSM_FFd1 to pr_estado_FSM_FFd22
                                Gate     Net
    Cell:in->out      fanout   Delay   Delay  Logical Name (Net Name)
    ----------------------------------------  ------------
     FDR:C->Q              2   0.591   0.447  pr_estado_FSM_FFd1 (pr_estado_FSM_FFd1)
     FDRS:S                    0.911          pr_estado_FSM_FFd22
    ----------------------------------------
    Total                      1.949ns (1.502ns logic, 0.447ns route)
                                       (77.1% logic, 22.9% route)

=========================================================================
Timing constraint: Default OFFSET IN BEFORE for Clock 'u0/clkout1'
  Total number of paths / destination ports: 954 / 58
-------------------------------------------------------------------------
Offset:              13.724ns (Levels of Logic = 11)
  Source:            habilitado (PAD)
  Destination:       hrsd_0 (FF)
  Destination Clock: u0/clkout1 falling

  Data Path: habilitado to hrsd_0
                                Gate     Net
    Cell:in->out      fanout   Delay   Delay  Logical Name (Net Name)
    ----------------------------------------  ------------
     IBUF:I->O             8   1.218   0.836  habilitado_IBUF (habilitado_IBUF)
     LUT2:I1->O           27   0.704   1.436  hrsd_not000111 (hrsd_and0000)
     LUT4:I0->O            1   0.704   0.595  hrsd_mux0000<0>11_SW0 (N118)
     LUT4_D:I0->LO         1   0.704   0.135  hrsd_mux0000<0>11 (N239)
     LUT4:I2->O            2   0.704   0.451  hrsd_mux0001<0>1_SW0 (N98)
     LUT4:I3->O            1   0.704   0.499  hrsd_cmp_eq00011_SW2 (N148)
     LUT4:I1->O            4   0.704   0.666  hrsd_mux0001<0>1 (Madd_hrsd_addsub0000_cy<0>)
     LUT4:I1->O            1   0.704   0.000  hrsd_mux0002<0>41_SW2_F (N213)
     MUXF5:I0->O           1   0.321   0.424  hrsd_mux0002<0>41_SW2 (N116)
     LUT4:I3->O            1   0.704   0.499  hrsd_mux0002<3>_SW0_SW0 (N71)
     LUT3:I1->O            1   0.704   0.000  hrsd_mux0002<3> (hrsd_mux0002<3>)
     FDCE_1:D                  0.308          hrsd_0
    ----------------------------------------
    Total                     13.724ns (8.183ns logic, 5.541ns route)
                                       (59.6% logic, 40.4% route)

=========================================================================
Timing constraint: Default OFFSET IN BEFORE for Clock 'E_OBUF1'
  Total number of paths / destination ports: 38 / 38
-------------------------------------------------------------------------
Offset:              3.413ns (Levels of Logic = 1)
  Source:            reset (PAD)
  Destination:       pr_estado_FSM_FFd34 (FF)
  Destination Clock: E_OBUF1 rising

  Data Path: reset to pr_estado_FSM_FFd34
                                Gate     Net
    Cell:in->out      fanout   Delay   Delay  Logical Name (Net Name)
    ----------------------------------------  ------------
     IBUF:I->O           101   1.218   1.284  reset_IBUF (resetpres_OBUF)
     FDS:S                     0.911          pr_estado_FSM_FFd34
    ----------------------------------------
    Total                      3.413ns (2.129ns logic, 1.284ns route)
                                       (62.4% logic, 37.6% route)

=========================================================================
Timing constraint: Default OFFSET OUT AFTER for Clock 'clk'
  Total number of paths / destination ports: 1 / 1
-------------------------------------------------------------------------
Offset:              4.310ns (Levels of Logic = 1)
  Source:            E (FF)
  Destination:       E (PAD)
  Source Clock:      clk rising

  Data Path: E to E
                                Gate     Net
    Cell:in->out      fanout   Delay   Delay  Logical Name (Net Name)
    ----------------------------------------  ------------
     FDR:C->Q              2   0.591   0.447  E (E_OBUF1)
     OBUF:I->O                 3.272          E_OBUF (E)
    ----------------------------------------
    Total                      4.310ns (3.863ns logic, 0.447ns route)
                                       (89.6% logic, 10.4% route)

=========================================================================
Timing constraint: Default OFFSET OUT AFTER for Clock 'E_OBUF1'
  Total number of paths / destination ports: 77 / 7
-------------------------------------------------------------------------
Offset:              8.222ns (Levels of Logic = 4)
  Source:            pr_estado_FSM_FFd7 (FF)
  Destination:       DB<0> (PAD)
  Source Clock:      E_OBUF1 rising

  Data Path: pr_estado_FSM_FFd7 to DB<0>
                                Gate     Net
    Cell:in->out      fanout   Delay   Delay  Logical Name (Net Name)
    ----------------------------------------  ------------
     FDR:C->Q              5   0.591   0.808  pr_estado_FSM_FFd7 (pr_estado_FSM_FFd7)
     LUT4:I0->O            1   0.704   0.595  DB<0>29 (DB<0>29)
     LUT2:I0->O            1   0.704   0.424  DB<0>35 (DB<0>35)
     LUT4:I3->O            1   0.704   0.420  DB<0>55 (DB_0_OBUF)
     OBUF:I->O                 3.272          DB_0_OBUF (DB<0>)
    ----------------------------------------
    Total                      8.222ns (5.975ns logic, 2.247ns route)
                                       (72.7% logic, 27.3% route)

=========================================================================
Timing constraint: Default OFFSET OUT AFTER for Clock 'u0/clkout1'
  Total number of paths / destination ports: 68 / 7
-------------------------------------------------------------------------
Offset:              9.281ns (Levels of Logic = 5)
  Source:            minutos_0 (FF)
  Destination:       luces (PAD)
  Source Clock:      u0/clkout1 falling

  Data Path: minutos_0 to luces
                                Gate     Net
    Cell:in->out      fanout   Delay   Delay  Logical Name (Net Name)
    ----------------------------------------  ------------
     FDCE_1:C->Q           7   0.591   0.883  minutos_0 (minutos_0)
     LUT3:I0->O            1   0.704   0.424  aspersor_cmp_eq0000_SW0 (N162)
     LUT4:I3->O            2   0.704   0.451  aspersor_cmp_eq0000 (aspersor_cmp_eq0000)
     LUT4:I3->O            1   0.704   0.424  luces_SW0 (N18)
     LUT4:I3->O            1   0.704   0.420  luces (luces_OBUF)
     OBUF:I->O                 3.272          luces_OBUF (luces)
    ----------------------------------------
    Total                      9.281ns (6.679ns logic, 2.602ns route)
                                       (72.0% logic, 28.0% route)

=========================================================================
Timing constraint: Default OFFSET OUT AFTER for Clock 'u3/clkout1'
  Total number of paths / destination ports: 10 / 1
-------------------------------------------------------------------------
Offset:              7.865ns (Levels of Logic = 4)
  Source:            pr_tiempo_15 (FF)
  Destination:       alarma (PAD)
  Source Clock:      u3/clkout1 rising

  Data Path: pr_tiempo_15 to alarma
                                Gate     Net
    Cell:in->out      fanout   Delay   Delay  Logical Name (Net Name)
    ----------------------------------------  ------------
     FDC:C->Q              2   0.591   0.622  pr_tiempo_15 (pr_tiempo_15)
     LUT3:I0->O            1   0.704   0.424  alarma11_SW0 (N179)
     LUT4:I3->O            1   0.704   0.424  alarma11 (alarma11)
     LUT4:I3->O            1   0.704   0.420  alarma28 (alarma_OBUF)
     OBUF:I->O                 3.272          alarma_OBUF (alarma)
    ----------------------------------------
    Total                      7.865ns (5.975ns logic, 1.890ns route)
                                       (76.0% logic, 24.0% route)

=========================================================================
Timing constraint: Default path analysis
  Total number of paths / destination ports: 1 / 1
-------------------------------------------------------------------------
Delay:               5.774ns (Levels of Logic = 2)
  Source:            reset (PAD)
  Destination:       resetpres (PAD)

  Data Path: reset to resetpres
                                Gate     Net
    Cell:in->out      fanout   Delay   Delay  Logical Name (Net Name)
    ----------------------------------------  ------------
     IBUF:I->O           101   1.218   1.284  reset_IBUF (resetpres_OBUF)
     OBUF:I->O                 3.272          resetpres_OBUF (resetpres)
    ----------------------------------------
    Total                      5.774ns (4.490ns logic, 1.284ns route)
                                       (77.8% logic, 22.2% route)

=========================================================================


Total REAL time to Xst completion: 7.00 secs
Total CPU time to Xst completion: 6.50 secs
 
--> 

Total memory usage is 4566752 kilobytes

Number of errors   :    0 (   0 filtered)
Number of warnings :    7 (   0 filtered)
Number of infos    :    1 (   0 filtered)

