EN eliminador NULL C:/Users/chinc/Documents/upb/ElectronicaDigital/Xilinx/Eliminador_de_ruido/eliminador.vhd sub00/vhpl02 1544818714
EN controlador NULL C:/Users/chinc/Documents/upb/ElectronicaDigital/Xilinx/Casa_Domotica/controlador.vhd sub00/vhpl00 1544818716
AR controlador casa_domotica C:/Users/chinc/Documents/upb/ElectronicaDigital/Xilinx/Casa_Domotica/controlador.vhd sub00/vhpl01 1544818717
AR eliminador eliminador_de_ruido C:/Users/chinc/Documents/upb/ElectronicaDigital/Xilinx/Eliminador_de_ruido/eliminador.vhd sub00/vhpl03 1544818715
