EN eliminador NULL C:/Users/chinc/Documents/upb/ElectronicaDigital/Xilinx/Eliminador_de_ruido/eliminador.vhd sub00/vhpl02 1545060155
EN controlador NULL C:/Users/chinc/Documents/upb/ElectronicaDigital/Xilinx/Casa_Domotica/controlador.vhd sub00/vhpl00 1545060157
AR controlador casa_domotica C:/Users/chinc/Documents/upb/ElectronicaDigital/Xilinx/Casa_Domotica/controlador.vhd sub00/vhpl01 1545060158
AR eliminador eliminador_de_ruido C:/Users/chinc/Documents/upb/ElectronicaDigital/Xilinx/Eliminador_de_ruido/eliminador.vhd sub00/vhpl03 1545060156
