V3 7
FL C:/Users/chinc/Documents/upb/ElectronicaDigital/Xilinx/Casa_Domotica/controlador.vhd 2018/12/17.11:22:32 P.20131013
EN work/controlador 1545060157 \
      FL C:/Users/chinc/Documents/upb/ElectronicaDigital/Xilinx/Casa_Domotica/controlador.vhd \
      PB ieee/std_logic_1164 1381692176 PB ieee/NUMERIC_STD 1381692181
AR work/controlador/casa_domotica 1545060158 \
      FL C:/Users/chinc/Documents/upb/ElectronicaDigital/Xilinx/Casa_Domotica/controlador.vhd \
      EN work/controlador 1545060157 CP eliminador
FL C:/Users/chinc/Documents/upb/ElectronicaDigital/Xilinx/Eliminador_de_ruido/eliminador.vhd 2018/12/10.08:35:14 P.20131013
EN work/eliminador 1545060155 \
      FL C:/Users/chinc/Documents/upb/ElectronicaDigital/Xilinx/Eliminador_de_ruido/eliminador.vhd \
      PB ieee/std_logic_1164 1381692176
AR work/eliminador/Eliminador_de_ruido 1545060156 \
      FL C:/Users/chinc/Documents/upb/ElectronicaDigital/Xilinx/Eliminador_de_ruido/eliminador.vhd \
      EN work/eliminador 1545060155
