V3 15
FL C:/Users/chinc/Documents/upb/ElectronicaDigital/Xilinx/Casa_Domotica/controlador.vhd 2018/12/18.12:15:01 P.20131013
EN work/controlador 1545149713 \
      FL C:/Users/chinc/Documents/upb/ElectronicaDigital/Xilinx/Casa_Domotica/controlador.vhd \
      PB ieee/std_logic_1164 1381692176 PB ieee/NUMERIC_STD 1381692181
AR work/controlador/casa_domotica 1545149714 \
      FL C:/Users/chinc/Documents/upb/ElectronicaDigital/Xilinx/Casa_Domotica/controlador.vhd \
      EN work/controlador 1545149713 CP div_frec_5hz CP eliminador CP div_frec_vhdl
FL C:/Users/chinc/Documents/upb/ElectronicaDigital/Xilinx/Divisor_de_frecuencia/div_frec_vhdl.vhd 2018/12/17.18:21:47 P.20131013
EN work/div_frec_vhdl 1545149711 \
      FL C:/Users/chinc/Documents/upb/ElectronicaDigital/Xilinx/Divisor_de_frecuencia/div_frec_vhdl.vhd \
      PB ieee/std_logic_1164 1381692176 PB ieee/STD_LOGIC_UNSIGNED 1381692179
AR work/div_frec_vhdl/divisor_de_fecuencia 1545149712 \
      FL C:/Users/chinc/Documents/upb/ElectronicaDigital/Xilinx/Divisor_de_frecuencia/div_frec_vhdl.vhd \
      EN work/div_frec_vhdl 1545149711
FL C:/Users/chinc/Documents/upb/ElectronicaDigital/Xilinx/Divisor_de_frecuencia_5hz/div_frec_5hz.vhd 2018/12/10.08:17:26 P.20131013
EN work/div_frec_5hz 1545149707 \
      FL C:/Users/chinc/Documents/upb/ElectronicaDigital/Xilinx/Divisor_de_frecuencia_5hz/div_frec_5hz.vhd \
      PB ieee/std_logic_1164 1381692176
AR work/div_frec_5hz/Divisor_de_frecuencia_5hz 1545149708 \
      FL C:/Users/chinc/Documents/upb/ElectronicaDigital/Xilinx/Divisor_de_frecuencia_5hz/div_frec_5hz.vhd \
      EN work/div_frec_5hz 1545149707
FL C:/Users/chinc/Documents/upb/ElectronicaDigital/Xilinx/Eliminador_de_ruido/eliminador.vhd 2018/12/17.11:47:06 P.20131013
EN work/eliminador 1545149709 \
      FL C:/Users/chinc/Documents/upb/ElectronicaDigital/Xilinx/Eliminador_de_ruido/eliminador.vhd \
      PB ieee/std_logic_1164 1381692176
AR work/eliminador/Eliminador_de_ruido 1545149710 \
      FL C:/Users/chinc/Documents/upb/ElectronicaDigital/Xilinx/Eliminador_de_ruido/eliminador.vhd \
      EN work/eliminador 1545149709
